// Vitest Snapshot v1, https://vitest.dev/guide/snapshot.html

exports[`--help > error 1`] = `[]`;

exports[`--help > log 1`] = `
[
  [
    "Converts node.exe into a silent executable (no terminal will pop up) by changing
 only one byte.

Usage: cli.js [options] <src> <dst>

Options:
      --version  Show version number                                   [boolean]
  -h, --help     Show help                                             [boolean]",
  ],
]
`;

exports[`--help > thrown 1`] = `[Error: process.exit unexpectedly called with "0"]`;

exports[`correct conversion > error 1`] = `[]`;

exports[`correct conversion > log 1`] = `
[
  [
    "Generating: ",
    "./bin/testData/nodew.exe",
  ],
  [
    "SUCCESS",
  ],
]
`;

exports[`no arguments > error 1`] = `
[
  [
    "You need to specify <src> and <dst> (or use --help for more)",
  ],
]
`;

exports[`no arguments > log 1`] = `[]`;

exports[`no arguments > thrown 1`] = `[Error: process.exit unexpectedly called with "1"]`;

exports[`only src, no dst > error 1`] = `
[
  [
    "You need to specify <src> and <dst> (or use --help for more)",
  ],
]
`;

exports[`only src, no dst > log 1`] = `[]`;

exports[`only src, no dst > thrown 1`] = `[Error: process.exit unexpectedly called with "1"]`;
