// Jest Snapshot v1, https://goo.gl/fbAQLP

exports[`--help: error 1`] = `Array []`;

exports[`--help: log 1`] = `
Array [
  Array [
    "Converts node.exe into a silent executable (no terminal will pop up) by changing
only one byte.

Usage: cli.js [options] <src> <dst>

Options:
  --version   Show version number                                      [boolean]
  -h, --help  Show help                                                [boolean]",
  ],
]
`;

exports[`correct conversion: error 1`] = `Array []`;

exports[`correct conversion: log 1`] = `
Array [
  Array [
    "Generating: ",
    "./test/test_silent.exe",
  ],
  Array [
    "SUCCESS",
  ],
]
`;

exports[`no arguments: error 1`] = `
Array [
  Array [
    "You need to specify <src> and <dst> (or use --help for more)",
  ],
]
`;

exports[`no arguments: log 1`] = `Array []`;

exports[`only src, no dst: error 1`] = `
Array [
  Array [
    "You need to specify <src> and <dst> (or use --help for more)",
  ],
]
`;

exports[`only src, no dst: log 1`] = `Array []`;
